[debug] [2026-05-03T18:27:26.766Z] ----------------------------------------------------------------------
[debug] [2026-05-03T18:27:26.767Z] Command:       C:\Program Files\nodejs\node.exe C:\Users\csvul\AppData\Roaming\npm\node_modules\firebase-tools\lib\bin\firebase.js deploy --only functions
[debug] [2026-05-03T18:27:26.768Z] CLI Version:   15.16.0
[debug] [2026-05-03T18:27:26.768Z] Platform:      win32
[debug] [2026-05-03T18:27:26.768Z] Node Version:  v24.15.0
[debug] [2026-05-03T18:27:26.768Z] Time:          Sun May 03 2026 14:27:26 GMT-0400 (Eastern Daylight Time)
[debug] [2026-05-03T18:27:26.768Z] ----------------------------------------------------------------------
[debug] 
[debug] [2026-05-03T18:27:27.541Z] > command requires scopes: ["email","openid","https://www.googleapis.com/auth/cloudplatformprojects.readonly","https://www.googleapis.com/auth/firebase","https://www.googleapis.com/auth/cloud-platform"]
[debug] [2026-05-03T18:27:27.541Z] > authorizing via signed-in user (csvulpio@gmail.com)
[debug] [2026-05-03T18:27:27.541Z] [iam] checking project academic-aide for permissions ["cloudfunctions.functions.create","cloudfunctions.functions.delete","cloudfunctions.functions.get","cloudfunctions.functions.list","cloudfunctions.functions.update","cloudfunctions.operations.get","firebase.projects.get"]
[debug] [2026-05-03T18:27:27.542Z] Checked if tokens are valid: true, expires at: 1777836370896
[debug] [2026-05-03T18:27:27.542Z] Checked if tokens are valid: true, expires at: 1777836370896
[debug] [2026-05-03T18:27:27.542Z] >>> [apiv2][query] POST https://cloudresourcemanager.googleapis.com/v1/projects/academic-aide:testIamPermissions [none]
[debug] [2026-05-03T18:27:27.542Z] >>> [apiv2][(partial)header] POST https://cloudresourcemanager.googleapis.com/v1/projects/academic-aide:testIamPermissions  x-goog-user-project=academic-aide
[debug] [2026-05-03T18:27:27.543Z] >>> [apiv2][body] POST https://cloudresourcemanager.googleapis.com/v1/projects/academic-aide:testIamPermissions {"permissions":["cloudfunctions.functions.create","cloudfunctions.functions.delete","cloudfunctions.functions.get","cloudfunctions.functions.list","cloudfunctions.functions.update","cloudfunctions.operations.get","firebase.projects.get"]}
[debug] [2026-05-03T18:27:27.704Z] <<< [apiv2][status] POST https://cloudresourcemanager.googleapis.com/v1/projects/academic-aide:testIamPermissions 200
[debug] [2026-05-03T18:27:27.704Z] <<< [apiv2][body] POST https://cloudresourcemanager.googleapis.com/v1/projects/academic-aide:testIamPermissions {"permissions":["cloudfunctions.functions.create","cloudfunctions.functions.delete","cloudfunctions.functions.get","cloudfunctions.functions.list","cloudfunctions.functions.update","cloudfunctions.operations.get","firebase.projects.get"]}
[debug] [2026-05-03T18:27:27.705Z] Checked if tokens are valid: true, expires at: 1777836370896
[debug] [2026-05-03T18:27:27.705Z] Checked if tokens are valid: true, expires at: 1777836370896
[debug] [2026-05-03T18:27:27.705Z] >>> [apiv2][query] POST https://iam.googleapis.com/v1/projects/academic-aide/serviceAccounts/academic-aide@appspot.gserviceaccount.com:testIamPermissions [none]
[debug] [2026-05-03T18:27:27.705Z] >>> [apiv2][body] POST https://iam.googleapis.com/v1/projects/academic-aide/serviceAccounts/academic-aide@appspot.gserviceaccount.com:testIamPermissions {"permissions":["iam.serviceAccounts.actAs"]}
[debug] [2026-05-03T18:27:27.890Z] <<< [apiv2][status] POST https://iam.googleapis.com/v1/projects/academic-aide/serviceAccounts/academic-aide@appspot.gserviceaccount.com:testIamPermissions 200
[debug] [2026-05-03T18:27:27.890Z] <<< [apiv2][body] POST https://iam.googleapis.com/v1/projects/academic-aide/serviceAccounts/academic-aide@appspot.gserviceaccount.com:testIamPermissions {"permissions":["iam.serviceAccounts.actAs"]}
[info] 
[info] === Deploying to 'academic-aide'...
[info] 
[info] i  deploying functions 
[debug] [2026-05-03T18:27:27.893Z] Checked if tokens are valid: true, expires at: 1777836370896
[debug] [2026-05-03T18:27:27.893Z] Checked if tokens are valid: true, expires at: 1777836370896
[debug] [2026-05-03T18:27:27.893Z] >>> [apiv2][query] GET https://serviceusage.googleapis.com/v1/projects/academic-aide/services/cloudresourcemanager.googleapis.com [none]
[debug] [2026-05-03T18:27:27.893Z] >>> [apiv2][(partial)header] GET https://serviceusage.googleapis.com/v1/projects/academic-aide/services/cloudresourcemanager.googleapis.com  x-goog-user-project=academic-aide
[debug] [2026-05-03T18:27:28.343Z] <<< [apiv2][status] GET https://serviceusage.googleapis.com/v1/projects/academic-aide/services/cloudresourcemanager.googleapis.com 200
[debug] [2026-05-03T18:27:28.343Z] <<< [apiv2][body] GET https://serviceusage.googleapis.com/v1/projects/academic-aide/services/cloudresourcemanager.googleapis.com [omitted]
[debug] [2026-05-03T18:27:28.347Z] Checked if tokens are valid: true, expires at: 1777836370896
[debug] [2026-05-03T18:27:28.347Z] Checked if tokens are valid: true, expires at: 1777836370896
[debug] [2026-05-03T18:27:28.347Z] >>> [apiv2][query] GET https://cloudresourcemanager.googleapis.com/v1/projects/academic-aide [none]
[debug] [2026-05-03T18:27:28.459Z] <<< [apiv2][status] GET https://cloudresourcemanager.googleapis.com/v1/projects/academic-aide 200
[debug] [2026-05-03T18:27:28.460Z] <<< [apiv2][body] GET https://cloudresourcemanager.googleapis.com/v1/projects/academic-aide {"projectNumber":"861423624712","projectId":"academic-aide","lifecycleState":"ACTIVE","name":"Academic Aide","labels":{"firebase":"enabled","firebase-core":"disabled"},"createTime":"2026-04-04T01:01:40.825Z"}
[info] i  functions: preparing codebase default for deployment 
[info] i  functions: ensuring required API cloudfunctions.googleapis.com is enabled... 
[debug] [2026-05-03T18:27:28.461Z] Checked if tokens are valid: true, expires at: 1777836370896
[debug] [2026-05-03T18:27:28.461Z] Checked if tokens are valid: true, expires at: 1777836370896
[debug] [2026-05-03T18:27:28.462Z] Checked if tokens are valid: true, expires at: 1777836370896
[debug] [2026-05-03T18:27:28.462Z] Checked if tokens are valid: true, expires at: 1777836370896
[info] i  functions: ensuring required API cloudbuild.googleapis.com is enabled... 
[debug] [2026-05-03T18:27:28.462Z] Checked if tokens are valid: true, expires at: 1777836370896
[debug] [2026-05-03T18:27:28.462Z] Checked if tokens are valid: true, expires at: 1777836370896
[info] i  artifactregistry: ensuring required API artifactregistry.googleapis.com is enabled... 
[debug] [2026-05-03T18:27:28.463Z] Checked if tokens are valid: true, expires at: 1777836370896
[debug] [2026-05-03T18:27:28.463Z] Checked if tokens are valid: true, expires at: 1777836370896
[debug] [2026-05-03T18:27:28.463Z] >>> [apiv2][query] GET https://serviceusage.googleapis.com/v1/projects/academic-aide/services/cloudfunctions.googleapis.com [none]
[debug] [2026-05-03T18:27:28.463Z] >>> [apiv2][(partial)header] GET https://serviceusage.googleapis.com/v1/projects/academic-aide/services/cloudfunctions.googleapis.com  x-goog-user-project=academic-aide
[debug] [2026-05-03T18:27:28.463Z] >>> [apiv2][query] GET https://serviceusage.googleapis.com/v1/projects/academic-aide/services/runtimeconfig.googleapis.com [none]
[debug] [2026-05-03T18:27:28.463Z] >>> [apiv2][(partial)header] GET https://serviceusage.googleapis.com/v1/projects/academic-aide/services/runtimeconfig.googleapis.com  x-goog-user-project=academic-aide
[debug] [2026-05-03T18:27:28.464Z] >>> [apiv2][query] GET https://serviceusage.googleapis.com/v1/projects/academic-aide/services/cloudbuild.googleapis.com [none]
[debug] [2026-05-03T18:27:28.464Z] >>> [apiv2][(partial)header] GET https://serviceusage.googleapis.com/v1/projects/academic-aide/services/cloudbuild.googleapis.com  x-goog-user-project=academic-aide
[debug] [2026-05-03T18:27:28.465Z] >>> [apiv2][query] GET https://serviceusage.googleapis.com/v1/projects/academic-aide/services/artifactregistry.googleapis.com [none]
[debug] [2026-05-03T18:27:28.465Z] >>> [apiv2][(partial)header] GET https://serviceusage.googleapis.com/v1/projects/academic-aide/services/artifactregistry.googleapis.com  x-goog-user-project=academic-aide
[debug] [2026-05-03T18:27:28.685Z] <<< [apiv2][status] GET https://serviceusage.googleapis.com/v1/projects/academic-aide/services/cloudfunctions.googleapis.com 200
[debug] [2026-05-03T18:27:28.686Z] <<< [apiv2][body] GET https://serviceusage.googleapis.com/v1/projects/academic-aide/services/cloudfunctions.googleapis.com [omitted]
[info] +  functions: required API cloudfunctions.googleapis.com is enabled 
[debug] [2026-05-03T18:27:28.717Z] <<< [apiv2][status] GET https://serviceusage.googleapis.com/v1/projects/academic-aide/services/artifactregistry.googleapis.com 200
[debug] [2026-05-03T18:27:28.717Z] <<< [apiv2][body] GET https://serviceusage.googleapis.com/v1/projects/academic-aide/services/artifactregistry.googleapis.com [omitted]
[info] +  artifactregistry: required API artifactregistry.googleapis.com is enabled 
[debug] [2026-05-03T18:27:28.723Z] <<< [apiv2][status] GET https://serviceusage.googleapis.com/v1/projects/academic-aide/services/cloudbuild.googleapis.com 200
[debug] [2026-05-03T18:27:28.723Z] <<< [apiv2][body] GET https://serviceusage.googleapis.com/v1/projects/academic-aide/services/cloudbuild.googleapis.com [omitted]
[info] +  functions: required API cloudbuild.googleapis.com is enabled 
[debug] [2026-05-03T18:27:28.758Z] <<< [apiv2][status] GET https://serviceusage.googleapis.com/v1/projects/academic-aide/services/runtimeconfig.googleapis.com 200
[debug] [2026-05-03T18:27:28.758Z] <<< [apiv2][body] GET https://serviceusage.googleapis.com/v1/projects/academic-aide/services/runtimeconfig.googleapis.com [omitted]
[debug] [2026-05-03T18:27:28.760Z] Checked if tokens are valid: true, expires at: 1777836370896
[debug] [2026-05-03T18:27:28.760Z] Checked if tokens are valid: true, expires at: 1777836370896
[debug] [2026-05-03T18:27:28.760Z] >>> [apiv2][query] GET https://firebase.googleapis.com/v1beta1/projects/academic-aide/adminSdkConfig [none]
[debug] [2026-05-03T18:27:29.124Z] <<< [apiv2][status] GET https://firebase.googleapis.com/v1beta1/projects/academic-aide/adminSdkConfig 200
[debug] [2026-05-03T18:27:29.124Z] <<< [apiv2][body] GET https://firebase.googleapis.com/v1beta1/projects/academic-aide/adminSdkConfig {"projectId":"academic-aide","storageBucket":"academic-aide.firebasestorage.app"}
[debug] [2026-05-03T18:27:29.124Z] Checked if tokens are valid: true, expires at: 1777836370896
[debug] [2026-05-03T18:27:29.124Z] Checked if tokens are valid: true, expires at: 1777836370896
[debug] [2026-05-03T18:27:29.124Z] >>> [apiv2][query] GET https://runtimeconfig.googleapis.com/v1beta1/projects/academic-aide/configs [none]
[debug] [2026-05-03T18:27:29.299Z] <<< [apiv2][status] GET https://runtimeconfig.googleapis.com/v1beta1/projects/academic-aide/configs 200
[debug] [2026-05-03T18:27:29.299Z] <<< [apiv2][body] GET https://runtimeconfig.googleapis.com/v1beta1/projects/academic-aide/configs {}
[debug] [2026-05-03T18:27:29.300Z] Validating nodejs source
[warn] !  functions: Runtime Node.js 20 was deprecated on 2026-04-30 and will be decommissioned on 2026-10-30, after which you will not be able to deploy without upgrading. Consider upgrading now to avoid disruption. See https://cloud.google.com/functions/docs/runtime-support for full details on the lifecycle policy 
[warn] !  functions: package.json indicates an outdated version of firebase-functions. Please upgrade using npm install --save firebase-functions@latest in your functions directory. 
[warn] !  functions: Please note that there will be breaking changes when you upgrade. 
[debug] [2026-05-03T18:27:29.738Z] > [functions] package.json contents: {
  "name": "academic-aide-functions",
  "description": "Cloud Functions for Academic Aide PDF processing and search",
  "scripts": {
    "serve": "firebase emulators:start --only functions",
    "shell": "firebase functions:shell",
    "start": "npm run shell",
    "deploy": "firebase deploy --only functions",
    "logs": "firebase functions:log"
  },
  "engines": {
    "node": "20"
  },
  "main": "index.js",
  "dependencies": {
    "@google-cloud/storage": "^7.19.0",
    "@google/genai": "^0.2.0",
    "firebase-admin": "^13.8.0",
    "firebase-functions": "^5.0.0",
    "pdfjs-dist": "^4.0.0"
  },
  "devDependencies": {
    "firebase-tools": "^13.0.0"
  },
  "private": true
}
[debug] [2026-05-03T18:27:29.738Z] Building nodejs source
[info] i  functions: Loading and analyzing source code for codebase default to determine what to deploy 
[debug] [2026-05-03T18:27:29.739Z] Could not find functions.yaml. Must use http discovery
[debug] [2026-05-03T18:27:29.745Z] Found firebase-functions binary at 'C:\Users\csvul\Desktop\academic-aide\functions\node_modules\.bin\firebase-functions'
[info] Serving at port 8403

[info] Warning: Please use the `legacy` build in Node.js environments.

[debug] [2026-05-03T18:27:30.545Z] Got response from /__/functions.yaml {"endpoints":{"processPdfUpload":{"platform":"gcfv1","availableMemoryMb":null,"timeoutSeconds":null,"minInstances":null,"maxInstances":null,"ingressSettings":null,"serviceAccountEmail":null,"vpc":null,"eventTrigger":{"eventType":"google.storage.object.finalize","eventFilters":{"resource":"projects/_/buckets/academic-aide.firebasestorage.app"},"retry":false},"labels":{},"entryPoint":"processPdfUpload"},"searchTextbookChunks":{"platform":"gcfv1","labels":{},"availableMemoryMb":null,"timeoutSeconds":null,"minInstances":null,"maxInstances":null,"ingressSettings":null,"serviceAccountEmail":null,"vpc":null,"callableTrigger":{},"entryPoint":"searchTextbookChunks"}},"specVersion":"v1alpha1","requiredAPIs":[],"extensions":{}}
[info] i  extensions: ensuring required API firebaseextensions.googleapis.com is enabled... 
[debug] [2026-05-03T18:27:34.579Z] Checked if tokens are valid: true, expires at: 1777836370896
[debug] [2026-05-03T18:27:34.579Z] Checked if tokens are valid: true, expires at: 1777836370896
[debug] [2026-05-03T18:27:34.579Z] >>> [apiv2][query] GET https://serviceusage.googleapis.com/v1/projects/academic-aide/services/firebaseextensions.googleapis.com [none]
[debug] [2026-05-03T18:27:34.579Z] >>> [apiv2][(partial)header] GET https://serviceusage.googleapis.com/v1/projects/academic-aide/services/firebaseextensions.googleapis.com  x-goog-user-project=academic-aide
[debug] [2026-05-03T18:27:34.910Z] <<< [apiv2][status] GET https://serviceusage.googleapis.com/v1/projects/academic-aide/services/firebaseextensions.googleapis.com 200
[debug] [2026-05-03T18:27:34.910Z] <<< [apiv2][body] GET https://serviceusage.googleapis.com/v1/projects/academic-aide/services/firebaseextensions.googleapis.com [omitted]
[info] +  extensions: required API firebaseextensions.googleapis.com is enabled 
[debug] [2026-05-03T18:27:34.913Z] > command requires scopes: ["email","openid","https://www.googleapis.com/auth/cloudplatformprojects.readonly","https://www.googleapis.com/auth/firebase","https://www.googleapis.com/auth/cloud-platform"]
[debug] [2026-05-03T18:27:34.913Z] > authorizing via signed-in user (csvulpio@gmail.com)
[debug] [2026-05-03T18:27:34.913Z] [iam] checking project academic-aide for permissions ["firebase.projects.get","firebaseextensions.instances.list"]
[debug] [2026-05-03T18:27:34.914Z] Checked if tokens are valid: true, expires at: 1777836370896
[debug] [2026-05-03T18:27:34.914Z] Checked if tokens are valid: true, expires at: 1777836370896
[debug] [2026-05-03T18:27:34.914Z] >>> [apiv2][query] POST https://cloudresourcemanager.googleapis.com/v1/projects/academic-aide:testIamPermissions [none]
[debug] [2026-05-03T18:27:34.914Z] >>> [apiv2][(partial)header] POST https://cloudresourcemanager.googleapis.com/v1/projects/academic-aide:testIamPermissions  x-goog-user-project=academic-aide
[debug] [2026-05-03T18:27:34.914Z] >>> [apiv2][body] POST https://cloudresourcemanager.googleapis.com/v1/projects/academic-aide:testIamPermissions {"permissions":["firebase.projects.get","firebaseextensions.instances.list"]}
[debug] [2026-05-03T18:27:35.081Z] <<< [apiv2][status] POST https://cloudresourcemanager.googleapis.com/v1/projects/academic-aide:testIamPermissions 200
[debug] [2026-05-03T18:27:35.081Z] <<< [apiv2][body] POST https://cloudresourcemanager.googleapis.com/v1/projects/academic-aide:testIamPermissions {"permissions":["firebase.projects.get","firebaseextensions.instances.list"]}
[debug] [2026-05-03T18:27:35.081Z] Checked if tokens are valid: true, expires at: 1777836370896
[debug] [2026-05-03T18:27:35.081Z] Checked if tokens are valid: true, expires at: 1777836370896
[debug] [2026-05-03T18:27:35.081Z] >>> [apiv2][query] GET https://firebaseextensions.googleapis.com/v1beta/projects/academic-aide/instances pageSize=100&pageToken=
[debug] [2026-05-03T18:27:35.401Z] <<< [apiv2][status] GET https://firebaseextensions.googleapis.com/v1beta/projects/academic-aide/instances 200
[debug] [2026-05-03T18:27:35.401Z] <<< [apiv2][body] GET https://firebaseextensions.googleapis.com/v1beta/projects/academic-aide/instances {}
[info] i  functions: preparing functions directory for uploading... 
[info] i  functions: packaged C:\Users\csvul\Desktop\academic-aide\functions (110.32 KB) for uploading 
[debug] [2026-05-03T18:27:35.429Z] Checked if tokens are valid: true, expires at: 1777836370896
[debug] [2026-05-03T18:27:35.429Z] Checked if tokens are valid: true, expires at: 1777836370896
[debug] [2026-05-03T18:27:35.430Z] >>> [apiv2][query] GET https://cloudfunctions.googleapis.com/v1/projects/academic-aide/locations/-/functions [none]
[debug] [2026-05-03T18:27:36.043Z] <<< [apiv2][status] GET https://cloudfunctions.googleapis.com/v1/projects/academic-aide/locations/-/functions 200
[debug] [2026-05-03T18:27:36.043Z] <<< [apiv2][body] GET https://cloudfunctions.googleapis.com/v1/projects/academic-aide/locations/-/functions {"functions":[{"name":"projects/academic-aide/locations/us-central1/functions/searchTextbookChunks","httpsTrigger":{"url":"https://us-central1-academic-aide.cloudfunctions.net/searchTextbookChunks","securityLevel":"SECURE_ALWAYS"},"status":"ACTIVE","entryPoint":"searchTextbookChunks","timeout":"60s","availableMemoryMb":256,"serviceAccountEmail":"academic-aide@appspot.gserviceaccount.com","updateTime":"2026-04-28T06:10:21.208Z","versionId":"4","labels":{"firebase-functions-hash":"ee0e6d6b60b22507f7740262f9f864b8570a10da","deployment-tool":"cli-firebase","deployment-callable":"true"},"sourceUploadUrl":"https://storage.googleapis.com/uploads-574559382897.us-central1.cloudfunctions.appspot.com/851e05c5-de46-45af-a87e-47474856c0de.zip","environmentVariables":{"GEMINI_API_KEY":"AIzaSyDvMDQKMoQ-fHGMaGKr2vztGKMECGaHIlw","FIREBASE_CONFIG":"{\"projectId\":\"academic-aide\",\"storageBucket\":\"academic-aide.firebasestorage.app\"}","GCLOUD_PROJECT":"academic-aide","EVENTARC_CLOUD_EVENT_SOURCE":"projects/academic-aide/locations/us-central1/functions/searchTextbookChunks"},"runtime":"nodejs20","ingressSettings":"ALLOW_ALL","buildId":"beffcdab-c571-437d-81e1-4784d7be7eaf","buildEnvironmentVariables":{"GOOGLE_NODE_RUN_SCRIPTS":""},"buildName":"projects/861423624712/locations/us-central1/builds/beffcdab-c571-437d-81e1-4784d7be7eaf","dockerRegistry":"ARTIFACT_REGISTRY","automaticUpdatePolicy":{},"buildServiceAccount":"projects/academic-aide/serviceAccounts/861423624712-compute@developer.gserviceaccount.com","satisfiesPzi":true},{"name":"projects/academic-aide/locations/us-central1/functions/processPdfUpload","eventTrigger":{"eventType":"google.storage.object.finalize","resource":"projects/_/buckets/academic-aide.firebasestorage.app","service":"storage.googleapis.com","failurePolicy":{}},"status":"ACTIVE","entryPoint":"processPdfUpload","timeout":"60s","availableMemoryMb":256,"serviceAccountEmail":"academic-aide@appspot.gserviceaccount.com","updateTime":"2026-04-28T06:10:16.196Z","versionId":"6","labels":{"deployment-tool":"cli-firebase","firebase-functions-hash":"ee0e6d6b60b22507f7740262f9f864b8570a10da"},"sourceUploadUrl":"https://storage.googleapis.com/uploads-574559382897.us-central1.cloudfunctions.appspot.com/851e05c5-de46-45af-a87e-47474856c0de.zip","environmentVariables":{"GEMINI_API_KEY":"AIzaSyDvMDQKMoQ-fHGMaGKr2vztGKMECGaHIlw","FIREBASE_CONFIG":"{\"projectId\":\"academic-aide\",\"storageBucket\":\"academic-aide.firebasestorage.app\"}","GCLOUD_PROJECT":"academic-aide","EVENTARC_CLOUD_EVENT_SOURCE":"projects/academic-aide/locations/us-central1/functions/processPdfUpload"},"runtime":"nodejs20","maxInstances":3000,"ingressSettings":"ALLOW_ALL","buildId":"beffcdab-c571-437d-81e1-4784d7be7eaf","buildEnvironmentVariables":{"GOOGLE_NODE_RUN_SCRIPTS":""},"buildName":"projects/861423624712/locations/us-central1/builds/beffcdab-c571-437d-81e1-4784d7be7eaf","dockerRegistry":"ARTIFACT_REGISTRY","automaticUpdatePolicy":{},"buildServiceAccount":"projects/academic-aide/serviceAccounts/861423624712-compute@developer.gserviceaccount.com","satisfiesPzi":true}]}
[debug] [2026-05-03T18:27:36.044Z] Checked if tokens are valid: true, expires at: 1777836370896
[debug] [2026-05-03T18:27:36.044Z] Checked if tokens are valid: true, expires at: 1777836370896
[debug] [2026-05-03T18:27:36.044Z] >>> [apiv2][query] GET https://cloudfunctions.googleapis.com/v2/projects/academic-aide/locations/-/functions filter=environment%3D%22GEN_2%22
[debug] [2026-05-03T18:27:36.498Z] <<< [apiv2][status] GET https://cloudfunctions.googleapis.com/v2/projects/academic-aide/locations/-/functions 200
[debug] [2026-05-03T18:27:36.498Z] <<< [apiv2][body] GET https://cloudfunctions.googleapis.com/v2/projects/academic-aide/locations/-/functions {}
[debug] [2026-05-03T18:27:36.500Z] Checked if tokens are valid: true, expires at: 1777836370896
[debug] [2026-05-03T18:27:36.500Z] Checked if tokens are valid: true, expires at: 1777836370896
[debug] [2026-05-03T18:27:36.500Z] >>> [apiv2][query] GET https://cloudresourcemanager.googleapis.com/v1/projects/academic-aide [none]
[debug] [2026-05-03T18:27:36.603Z] <<< [apiv2][status] GET https://cloudresourcemanager.googleapis.com/v1/projects/academic-aide 200
[debug] [2026-05-03T18:27:36.603Z] <<< [apiv2][body] GET https://cloudresourcemanager.googleapis.com/v1/projects/academic-aide {"projectNumber":"861423624712","projectId":"academic-aide","lifecycleState":"ACTIVE","name":"Academic Aide","labels":{"firebase":"enabled","firebase-core":"disabled"},"createTime":"2026-04-04T01:01:40.825Z"}
[debug] [2026-05-03T18:27:36.604Z] Checked if tokens are valid: true, expires at: 1777836370896
[debug] [2026-05-03T18:27:36.604Z] Checked if tokens are valid: true, expires at: 1777836370896
[debug] [2026-05-03T18:27:36.604Z] >>> [apiv2][query] GET https://cloudbilling.googleapis.com/v1/projects/academic-aide/billingInfo [none]
[debug] [2026-05-03T18:27:36.855Z] <<< [apiv2][status] GET https://cloudbilling.googleapis.com/v1/projects/academic-aide/billingInfo 200
[debug] [2026-05-03T18:27:36.856Z] <<< [apiv2][body] GET https://cloudbilling.googleapis.com/v1/projects/academic-aide/billingInfo {"name":"projects/academic-aide/billingInfo","projectId":"academic-aide","billingAccountName":"billingAccounts/0101DF-05371E-DF771A","billingEnabled":true}
[debug] [2026-05-03T18:27:36.856Z] Checked if tokens are valid: true, expires at: 1777836370896
[debug] [2026-05-03T18:27:36.856Z] Checked if tokens are valid: true, expires at: 1777836370896
[debug] [2026-05-03T18:27:36.857Z] >>> [apiv2][query] POST https://cloudfunctions.googleapis.com/v1/projects/academic-aide/locations/us-central1/functions:generateUploadUrl [none]
[debug] [2026-05-03T18:27:36.857Z] >>> [apiv2][body] POST https://cloudfunctions.googleapis.com/v1/projects/academic-aide/locations/us-central1/functions:generateUploadUrl {}
[debug] [2026-05-03T18:27:37.418Z] <<< [apiv2][status] POST https://cloudfunctions.googleapis.com/v1/projects/academic-aide/locations/us-central1/functions:generateUploadUrl 200
[debug] [2026-05-03T18:27:37.419Z] <<< [apiv2][body] POST https://cloudfunctions.googleapis.com/v1/projects/academic-aide/locations/us-central1/functions:generateUploadUrl {"uploadUrl":"https://storage.googleapis.com/uploads-574559382897.us-central1.cloudfunctions.appspot.com/f3abfe70-d1e1-4973-a29f-214003f51f28.zip?GoogleAccessId=service-861423624712@gcf-admin-robot.iam.gserviceaccount.com&Expires=1777834657&Signature=bZgZXj9NSIKYW3CZZ0OF2WO09oKwCWnYOuBZcCK2EUO1qe3dPs1F7%2BBqgogAUPHtLMPf%2FeYYif00q3Ld8J1TeFpmrkOFQS7PNejCD3BDnNcT%2BanI7787Ph1sFPb0nj31xSmzN7Rx4YHo8QQGPb2tX4aiwyYkZn39Rn%2Be3jZGz2OOu8ae7hfye8RyGaHBSWmDxGrDXAfu0%2FUYR22HgmsZdGRrDgxHQ79hpimYMcSiWPYMPixChGZe%2Br9%2BQ9cAqiydy725B4E93kwmDNG%2BXKWw4ytnaBYDraCsBqmX6sUez5WBhtVMKdtr2oVQdxKbi0LeVc5J44fyUCJ4mCvn%2FcIPnA%3D%3D"}
[debug] [2026-05-03T18:27:37.419Z] >>> [apiv2][query] PUT https://storage.googleapis.com/uploads-574559382897.us-central1.cloudfunctions.appspot.com/f3abfe70-d1e1-4973-a29f-214003f51f28.zip GoogleAccessId=service-861423624712%40gcf-admin-robot.iam.gserviceaccount.com&Expires=1777834657&Signature=bZgZXj9NSIKYW3CZZ0OF2WO09oKwCWnYOuBZcCK2EUO1qe3dPs1F7%2BBqgogAUPHtLMPf%2FeYYif00q3Ld8J1TeFpmrkOFQS7PNejCD3BDnNcT%2BanI7787Ph1sFPb0nj31xSmzN7Rx4YHo8QQGPb2tX4aiwyYkZn39Rn%2Be3jZGz2OOu8ae7hfye8RyGaHBSWmDxGrDXAfu0%2FUYR22HgmsZdGRrDgxHQ79hpimYMcSiWPYMPixChGZe%2Br9%2BQ9cAqiydy725B4E93kwmDNG%2BXKWw4ytnaBYDraCsBqmX6sUez5WBhtVMKdtr2oVQdxKbi0LeVc5J44fyUCJ4mCvn%2FcIPnA%3D%3D
[debug] [2026-05-03T18:27:37.420Z] >>> [apiv2][body] PUT https://storage.googleapis.com/uploads-574559382897.us-central1.cloudfunctions.appspot.com/f3abfe70-d1e1-4973-a29f-214003f51f28.zip [stream]
[debug] [2026-05-03T18:27:37.758Z] <<< [apiv2][status] PUT https://storage.googleapis.com/uploads-574559382897.us-central1.cloudfunctions.appspot.com/f3abfe70-d1e1-4973-a29f-214003f51f28.zip 200
[debug] [2026-05-03T18:27:37.758Z] <<< [apiv2][body] PUT https://storage.googleapis.com/uploads-574559382897.us-central1.cloudfunctions.appspot.com/f3abfe70-d1e1-4973-a29f-214003f51f28.zip [omitted]
[info] +  functions: functions source uploaded successfully 
[info] i  functions: updating Node.js 20 (1st Gen) function processPdfUpload(us-central1)... 
[info] i  functions: updating Node.js 20 (1st Gen) function searchTextbookChunks(us-central1)... 
[debug] [2026-05-03T18:27:37.762Z] Checked if tokens are valid: true, expires at: 1777836370896
[debug] [2026-05-03T18:27:37.763Z] Checked if tokens are valid: true, expires at: 1777836370896
[debug] [2026-05-03T18:27:37.763Z] >>> [apiv2][query] PATCH https://cloudfunctions.googleapis.com/v1/projects/academic-aide/locations/us-central1/functions/processPdfUpload updateMask=name%2CsourceUploadUrl%2CentryPoint%2Cruntime%2CdockerRegistry%2Clabels%2CeventTrigger.eventType%2CeventTrigger.resource%2CeventTrigger.failurePolicy%2CminInstances%2CmaxInstances%2CingressSettings%2CenvironmentVariables%2CserviceAccountEmail%2CavailableMemoryMb%2Ctimeout%2CvpcConnector%2CvpcConnectorEgressSettings%2CsourceToken%2CbuildEnvironmentVariables
[debug] [2026-05-03T18:27:37.763Z] >>> [apiv2][body] PATCH https://cloudfunctions.googleapis.com/v1/projects/academic-aide/locations/us-central1/functions/processPdfUpload {"name":"projects/academic-aide/locations/us-central1/functions/processPdfUpload","sourceUploadUrl":"https://storage.googleapis.com/uploads-574559382897.us-central1.cloudfunctions.appspot.com/f3abfe70-d1e1-4973-a29f-214003f51f28.zip?GoogleAccessId=service-861423624712@gcf-admin-robot.iam.gserviceaccount.com&Expires=1777834657&Signature=bZgZXj9NSIKYW3CZZ0OF2WO09oKwCWnYOuBZcCK2EUO1qe3dPs1F7%2BBqgogAUPHtLMPf%2FeYYif00q3Ld8J1TeFpmrkOFQS7PNejCD3BDnNcT%2BanI7787Ph1sFPb0nj31xSmzN7Rx4YHo8QQGPb2tX4aiwyYkZn39Rn%2Be3jZGz2OOu8ae7hfye8RyGaHBSWmDxGrDXAfu0%2FUYR22HgmsZdGRrDgxHQ79hpimYMcSiWPYMPixChGZe%2Br9%2BQ9cAqiydy725B4E93kwmDNG%2BXKWw4ytnaBYDraCsBqmX6sUez5WBhtVMKdtr2oVQdxKbi0LeVc5J44fyUCJ4mCvn%2FcIPnA%3D%3D","entryPoint":"processPdfUpload","runtime":"nodejs20","dockerRegistry":"ARTIFACT_REGISTRY","labels":{"deployment-tool":"cli-firebase","firebase-functions-hash":"a6912de7cbc94483287b7377966c93ae154f2ca3"},"eventTrigger":{"eventType":"google.storage.object.finalize","resource":"projects/_/buckets/academic-aide.firebasestorage.app"},"minInstances":null,"maxInstances":null,"ingressSettings":null,"environmentVariables":{"GEMINI_API_KEY":"AIzaSyDvMDQKMoQ-fHGMaGKr2vztGKMECGaHIlw","FIREBASE_CONFIG":"{\"projectId\":\"academic-aide\",\"storageBucket\":\"academic-aide.firebasestorage.app\"}","GCLOUD_PROJECT":"academic-aide","EVENTARC_CLOUD_EVENT_SOURCE":"projects/academic-aide/locations/us-central1/functions/processPdfUpload"},"serviceAccountEmail":null,"availableMemoryMb":null,"timeout":null,"vpcConnector":null,"vpcConnectorEgressSettings":null,"buildEnvironmentVariables":{"GOOGLE_NODE_RUN_SCRIPTS":""}}
[debug] [2026-05-03T18:27:38.374Z] <<< [apiv2][status] PATCH https://cloudfunctions.googleapis.com/v1/projects/academic-aide/locations/us-central1/functions/processPdfUpload 200
[debug] [2026-05-03T18:27:38.374Z] <<< [apiv2][body] PATCH https://cloudfunctions.googleapis.com/v1/projects/academic-aide/locations/us-central1/functions/processPdfUpload {"name":"operations/YWNhZGVtaWMtYWlkZS91cy1jZW50cmFsMS9wcm9jZXNzUGRmVXBsb2FkL204NEN0eHFraHRz","metadata":{"@type":"type.googleapis.com/google.cloud.functions.v1.OperationMetadataV1","target":"projects/academic-aide/locations/us-central1/functions/processPdfUpload","type":"UPDATE_FUNCTION","request":{"@type":"type.googleapis.com/google.cloud.functions.v1.CloudFunction","name":"projects/academic-aide/locations/us-central1/functions/processPdfUpload","eventTrigger":{"eventType":"google.storage.object.finalize","resource":"projects/_/buckets/academic-aide.firebasestorage.app","service":"storage.googleapis.com"},"status":"ACTIVE","entryPoint":"processPdfUpload","updateTime":"2026-04-28T06:10:16.196Z","versionId":"6","labels":{"deployment-tool":"cli-firebase","firebase-functions-hash":"a6912de7cbc94483287b7377966c93ae154f2ca3"},"sourceUploadUrl":"https://storage.googleapis.com/uploads-574559382897.us-central1.cloudfunctions.appspot.com/f3abfe70-d1e1-4973-a29f-214003f51f28.zip?GoogleAccessId=service-861423624712@gcf-admin-robot.iam.gserviceaccount.com&Expires=1777834657&Signature=bZgZXj9NSIKYW3CZZ0OF2WO09oKwCWnYOuBZcCK2EUO1qe3dPs1F7%2BBqgogAUPHtLMPf%2FeYYif00q3Ld8J1TeFpmrkOFQS7PNejCD3BDnNcT%2BanI7787Ph1sFPb0nj31xSmzN7Rx4YHo8QQGPb2tX4aiwyYkZn39Rn%2Be3jZGz2OOu8ae7hfye8RyGaHBSWmDxGrDXAfu0%2FUYR22HgmsZdGRrDgxHQ79hpimYMcSiWPYMPixChGZe%2Br9%2BQ9cAqiydy725B4E93kwmDNG%2BXKWw4ytnaBYDraCsBqmX6sUez5WBhtVMKdtr2oVQdxKbi0LeVc5J44fyUCJ4mCvn%2FcIPnA%3D%3D","environmentVariables":{"GEMINI_API_KEY":"AIzaSyDvMDQKMoQ-fHGMaGKr2vztGKMECGaHIlw","FIREBASE_CONFIG":"{\"projectId\":\"academic-aide\",\"storageBucket\":\"academic-aide.firebasestorage.app\"}","GCLOUD_PROJECT":"academic-aide","EVENTARC_CLOUD_EVENT_SOURCE":"projects/academic-aide/locations/us-central1/functions/processPdfUpload"},"runtime":"nodejs20","buildId":"beffcdab-c571-437d-81e1-4784d7be7eaf","buildEnvironmentVariables":{"GOOGLE_NODE_RUN_SCRIPTS":""},"buildName":"projects/861423624712/locations/us-central1/builds/beffcdab-c571-437d-81e1-4784d7be7eaf","dockerRegistry":"ARTIFACT_REGISTRY","automaticUpdatePolicy":{},"buildServiceAccount":"projects/academic-aide/serviceAccounts/861423624712-compute@developer.gserviceaccount.com"},"versionId":"7","updateTime":"2026-05-03T18:27:38Z"}}
[debug] [2026-05-03T18:27:38.374Z] Checked if tokens are valid: true, expires at: 1777836370896
[debug] [2026-05-03T18:27:38.374Z] Checked if tokens are valid: true, expires at: 1777836370896
[debug] [2026-05-03T18:27:38.375Z] >>> [apiv2][query] GET https://cloudfunctions.googleapis.com/v1/operations/YWNhZGVtaWMtYWlkZS91cy1jZW50cmFsMS9wcm9jZXNzUGRmVXBsb2FkL204NEN0eHFraHRz [none]
[debug] [2026-05-03T18:27:38.613Z] <<< [apiv2][status] GET https://cloudfunctions.googleapis.com/v1/operations/YWNhZGVtaWMtYWlkZS91cy1jZW50cmFsMS9wcm9jZXNzUGRmVXBsb2FkL204NEN0eHFraHRz 200
[debug] [2026-05-03T18:27:38.613Z] <<< [apiv2][body] GET https://cloudfunctions.googleapis.com/v1/operations/YWNhZGVtaWMtYWlkZS91cy1jZW50cmFsMS9wcm9jZXNzUGRmVXBsb2FkL204NEN0eHFraHRz {"name":"operations/YWNhZGVtaWMtYWlkZS91cy1jZW50cmFsMS9wcm9jZXNzUGRmVXBsb2FkL204NEN0eHFraHRz","metadata":{"@type":"type.googleapis.com/google.cloud.functions.v1.OperationMetadataV1","target":"projects/academic-aide/locations/us-central1/functions/processPdfUpload","type":"UPDATE_FUNCTION","request":{"@type":"type.googleapis.com/google.cloud.functions.v1.CloudFunction","name":"projects/academic-aide/locations/us-central1/functions/processPdfUpload","eventTrigger":{"eventType":"google.storage.object.finalize","resource":"projects/_/buckets/academic-aide.firebasestorage.app","service":"storage.googleapis.com"},"status":"ACTIVE","entryPoint":"processPdfUpload","updateTime":"2026-04-28T06:10:16.196Z","versionId":"6","labels":{"deployment-tool":"cli-firebase","firebase-functions-hash":"a6912de7cbc94483287b7377966c93ae154f2ca3"},"sourceUploadUrl":"https://storage.googleapis.com/uploads-574559382897.us-central1.cloudfunctions.appspot.com/f3abfe70-d1e1-4973-a29f-214003f51f28.zip?GoogleAccessId=service-861423624712@gcf-admin-robot.iam.gserviceaccount.com&Expires=1777834657&Signature=bZgZXj9NSIKYW3CZZ0OF2WO09oKwCWnYOuBZcCK2EUO1qe3dPs1F7%2BBqgogAUPHtLMPf%2FeYYif00q3Ld8J1TeFpmrkOFQS7PNejCD3BDnNcT%2BanI7787Ph1sFPb0nj31xSmzN7Rx4YHo8QQGPb2tX4aiwyYkZn39Rn%2Be3jZGz2OOu8ae7hfye8RyGaHBSWmDxGrDXAfu0%2FUYR22HgmsZdGRrDgxHQ79hpimYMcSiWPYMPixChGZe%2Br9%2BQ9cAqiydy725B4E93kwmDNG%2BXKWw4ytnaBYDraCsBqmX6sUez5WBhtVMKdtr2oVQdxKbi0LeVc5J44fyUCJ4mCvn%2FcIPnA%3D%3D","environmentVariables":{"GEMINI_API_KEY":"AIzaSyDvMDQKMoQ-fHGMaGKr2vztGKMECGaHIlw","FIREBASE_CONFIG":"{\"projectId\":\"academic-aide\",\"storageBucket\":\"academic-aide.firebasestorage.app\"}","GCLOUD_PROJECT":"academic-aide","EVENTARC_CLOUD_EVENT_SOURCE":"projects/academic-aide/locations/us-central1/functions/processPdfUpload"},"runtime":"nodejs20","buildId":"beffcdab-c571-437d-81e1-4784d7be7eaf","buildEnvironmentVariables":{"GOOGLE_NODE_RUN_SCRIPTS":""},"buildName":"projects/861423624712/locations/us-central1/builds/beffcdab-c571-437d-81e1-4784d7be7eaf","dockerRegistry":"ARTIFACT_REGISTRY","automaticUpdatePolicy":{},"buildServiceAccount":"projects/academic-aide/serviceAccounts/861423624712-compute@developer.gserviceaccount.com"},"versionId":"7","updateTime":"2026-05-03T18:27:38Z"}}
[debug] [2026-05-03T18:27:39.119Z] [update-default-us-central1-processPdfUpload] Retrying task index 0
[debug] [2026-05-03T18:27:39.120Z] Checked if tokens are valid: true, expires at: 1777836370896
[debug] [2026-05-03T18:27:39.120Z] Checked if tokens are valid: true, expires at: 1777836370896
[debug] [2026-05-03T18:27:39.121Z] >>> [apiv2][query] GET https://cloudfunctions.googleapis.com/v1/operations/YWNhZGVtaWMtYWlkZS91cy1jZW50cmFsMS9wcm9jZXNzUGRmVXBsb2FkL204NEN0eHFraHRz [none]
[debug] [2026-05-03T18:27:39.263Z] <<< [apiv2][status] GET https://cloudfunctions.googleapis.com/v1/operations/YWNhZGVtaWMtYWlkZS91cy1jZW50cmFsMS9wcm9jZXNzUGRmVXBsb2FkL204NEN0eHFraHRz 200
[debug] [2026-05-03T18:27:39.263Z] <<< [apiv2][body] GET https://cloudfunctions.googleapis.com/v1/operations/YWNhZGVtaWMtYWlkZS91cy1jZW50cmFsMS9wcm9jZXNzUGRmVXBsb2FkL204NEN0eHFraHRz {"name":"operations/YWNhZGVtaWMtYWlkZS91cy1jZW50cmFsMS9wcm9jZXNzUGRmVXBsb2FkL204NEN0eHFraHRz","metadata":{"@type":"type.googleapis.com/google.cloud.functions.v1.OperationMetadataV1","target":"projects/academic-aide/locations/us-central1/functions/processPdfUpload","type":"UPDATE_FUNCTION","request":{"@type":"type.googleapis.com/google.cloud.functions.v1.CloudFunction","name":"projects/academic-aide/locations/us-central1/functions/processPdfUpload","eventTrigger":{"eventType":"google.storage.object.finalize","resource":"projects/_/buckets/academic-aide.firebasestorage.app","service":"storage.googleapis.com"},"status":"ACTIVE","entryPoint":"processPdfUpload","updateTime":"2026-04-28T06:10:16.196Z","versionId":"6","labels":{"deployment-tool":"cli-firebase","firebase-functions-hash":"a6912de7cbc94483287b7377966c93ae154f2ca3"},"sourceUploadUrl":"https://storage.googleapis.com/uploads-574559382897.us-central1.cloudfunctions.appspot.com/f3abfe70-d1e1-4973-a29f-214003f51f28.zip?GoogleAccessId=service-861423624712@gcf-admin-robot.iam.gserviceaccount.com&Expires=1777834657&Signature=bZgZXj9NSIKYW3CZZ0OF2WO09oKwCWnYOuBZcCK2EUO1qe3dPs1F7%2BBqgogAUPHtLMPf%2FeYYif00q3Ld8J1TeFpmrkOFQS7PNejCD3BDnNcT%2BanI7787Ph1sFPb0nj31xSmzN7Rx4YHo8QQGPb2tX4aiwyYkZn39Rn%2Be3jZGz2OOu8ae7hfye8RyGaHBSWmDxGrDXAfu0%2FUYR22HgmsZdGRrDgxHQ79hpimYMcSiWPYMPixChGZe%2Br9%2BQ9cAqiydy725B4E93kwmDNG%2BXKWw4ytnaBYDraCsBqmX6sUez5WBhtVMKdtr2oVQdxKbi0LeVc5J44fyUCJ4mCvn%2FcIPnA%3D%3D","environmentVariables":{"GEMINI_API_KEY":"AIzaSyDvMDQKMoQ-fHGMaGKr2vztGKMECGaHIlw","FIREBASE_CONFIG":"{\"projectId\":\"academic-aide\",\"storageBucket\":\"academic-aide.firebasestorage.app\"}","GCLOUD_PROJECT":"academic-aide","EVENTARC_CLOUD_EVENT_SOURCE":"projects/academic-aide/locations/us-central1/functions/processPdfUpload"},"runtime":"nodejs20","buildId":"beffcdab-c571-437d-81e1-4784d7be7eaf","buildEnvironmentVariables":{"GOOGLE_NODE_RUN_SCRIPTS":""},"buildName":"projects/861423624712/locations/us-central1/builds/beffcdab-c571-437d-81e1-4784d7be7eaf","dockerRegistry":"ARTIFACT_REGISTRY","automaticUpdatePolicy":{},"buildServiceAccount":"projects/academic-aide/serviceAccounts/861423624712-compute@developer.gserviceaccount.com"},"versionId":"7","updateTime":"2026-05-03T18:27:38Z","buildId":"1b86fb21-dbd3-4edd-9665-37ad917a727c","buildName":"projects/861423624712/locations/us-central1/builds/1b86fb21-dbd3-4edd-9665-37ad917a727c"}}
[debug] [2026-05-03T18:27:40.277Z] [update-default-us-central1-processPdfUpload] Retrying task index 0
[debug] [2026-05-03T18:27:40.277Z] Checked if tokens are valid: true, expires at: 1777836370896
[debug] [2026-05-03T18:27:40.277Z] Checked if tokens are valid: true, expires at: 1777836370896
[debug] [2026-05-03T18:27:40.277Z] >>> [apiv2][query] GET https://cloudfunctions.googleapis.com/v1/operations/YWNhZGVtaWMtYWlkZS91cy1jZW50cmFsMS9wcm9jZXNzUGRmVXBsb2FkL204NEN0eHFraHRz [none]
[debug] [2026-05-03T18:27:40.512Z] <<< [apiv2][status] GET https://cloudfunctions.googleapis.com/v1/operations/YWNhZGVtaWMtYWlkZS91cy1jZW50cmFsMS9wcm9jZXNzUGRmVXBsb2FkL204NEN0eHFraHRz 200
[debug] [2026-05-03T18:27:40.512Z] <<< [apiv2][body] GET https://cloudfunctions.googleapis.com/v1/operations/YWNhZGVtaWMtYWlkZS91cy1jZW50cmFsMS9wcm9jZXNzUGRmVXBsb2FkL204NEN0eHFraHRz {"name":"operations/YWNhZGVtaWMtYWlkZS91cy1jZW50cmFsMS9wcm9jZXNzUGRmVXBsb2FkL204NEN0eHFraHRz","metadata":{"@type":"type.googleapis.com/google.cloud.functions.v1.OperationMetadataV1","target":"projects/academic-aide/locations/us-central1/functions/processPdfUpload","type":"UPDATE_FUNCTION","request":{"@type":"type.googleapis.com/google.cloud.functions.v1.CloudFunction","name":"projects/academic-aide/locations/us-central1/functions/processPdfUpload","eventTrigger":{"eventType":"google.storage.object.finalize","resource":"projects/_/buckets/academic-aide.firebasestorage.app","service":"storage.googleapis.com"},"status":"ACTIVE","entryPoint":"processPdfUpload","updateTime":"2026-04-28T06:10:16.196Z","versionId":"6","labels":{"deployment-tool":"cli-firebase","firebase-functions-hash":"a6912de7cbc94483287b7377966c93ae154f2ca3"},"sourceUploadUrl":"https://storage.googleapis.com/uploads-574559382897.us-central1.cloudfunctions.appspot.com/f3abfe70-d1e1-4973-a29f-214003f51f28.zip?GoogleAccessId=service-861423624712@gcf-admin-robot.iam.gserviceaccount.com&Expires=1777834657&Signature=bZgZXj9NSIKYW3CZZ0OF2WO09oKwCWnYOuBZcCK2EUO1qe3dPs1F7%2BBqgogAUPHtLMPf%2FeYYif00q3Ld8J1TeFpmrkOFQS7PNejCD3BDnNcT%2BanI7787Ph1sFPb0nj31xSmzN7Rx4YHo8QQGPb2tX4aiwyYkZn39Rn%2Be3jZGz2OOu8ae7hfye8RyGaHBSWmDxGrDXAfu0%2FUYR22HgmsZdGRrDgxHQ79hpimYMcSiWPYMPixChGZe%2Br9%2BQ9cAqiydy725B4E93kwmDNG%2BXKWw4ytnaBYDraCsBqmX6sUez5WBhtVMKdtr2oVQdxKbi0LeVc5J44fyUCJ4mCvn%2FcIPnA%3D%3D","environmentVariables":{"GEMINI_API_KEY":"AIzaSyDvMDQKMoQ-fHGMaGKr2vztGKMECGaHIlw","FIREBASE_CONFIG":"{\"projectId\":\"academic-aide\",\"storageBucket\":\"academic-aide.firebasestorage.app\"}","GCLOUD_PROJECT":"academic-aide","EVENTARC_CLOUD_EVENT_SOURCE":"projects/academic-aide/locations/us-central1/functions/processPdfUpload"},"runtime":"nodejs20","buildId":"beffcdab-c571-437d-81e1-4784d7be7eaf","buildEnvironmentVariables":{"GOOGLE_NODE_RUN_SCRIPTS":""},"buildName":"projects/861423624712/locations/us-central1/builds/beffcdab-c571-437d-81e1-4784d7be7eaf","dockerRegistry":"ARTIFACT_REGISTRY","automaticUpdatePolicy":{},"buildServiceAccount":"projects/academic-aide/serviceAccounts/861423624712-compute@developer.gserviceaccount.com"},"versionId":"7","updateTime":"2026-05-03T18:27:38Z","buildId":"1b86fb21-dbd3-4edd-9665-37ad917a727c","buildName":"projects/861423624712/locations/us-central1/builds/1b86fb21-dbd3-4edd-9665-37ad917a727c"}}
[debug] [2026-05-03T18:27:42.515Z] [update-default-us-central1-processPdfUpload] Retrying task index 0
[debug] [2026-05-03T18:27:42.515Z] Checked if tokens are valid: true, expires at: 1777836370896
[debug] [2026-05-03T18:27:42.516Z] Checked if tokens are valid: true, expires at: 1777836370896
[debug] [2026-05-03T18:27:42.516Z] >>> [apiv2][query] GET https://cloudfunctions.googleapis.com/v1/operations/YWNhZGVtaWMtYWlkZS91cy1jZW50cmFsMS9wcm9jZXNzUGRmVXBsb2FkL204NEN0eHFraHRz [none]
[debug] [2026-05-03T18:27:42.719Z] <<< [apiv2][status] GET https://cloudfunctions.googleapis.com/v1/operations/YWNhZGVtaWMtYWlkZS91cy1jZW50cmFsMS9wcm9jZXNzUGRmVXBsb2FkL204NEN0eHFraHRz 200
[debug] [2026-05-03T18:27:42.719Z] <<< [apiv2][body] GET https://cloudfunctions.googleapis.com/v1/operations/YWNhZGVtaWMtYWlkZS91cy1jZW50cmFsMS9wcm9jZXNzUGRmVXBsb2FkL204NEN0eHFraHRz {"name":"operations/YWNhZGVtaWMtYWlkZS91cy1jZW50cmFsMS9wcm9jZXNzUGRmVXBsb2FkL204NEN0eHFraHRz","metadata":{"@type":"type.googleapis.com/google.cloud.functions.v1.OperationMetadataV1","target":"projects/academic-aide/locations/us-central1/functions/processPdfUpload","type":"UPDATE_FUNCTION","request":{"@type":"type.googleapis.com/google.cloud.functions.v1.CloudFunction","name":"projects/academic-aide/locations/us-central1/functions/processPdfUpload","eventTrigger":{"eventType":"google.storage.object.finalize","resource":"projects/_/buckets/academic-aide.firebasestorage.app","service":"storage.googleapis.com"},"status":"ACTIVE","entryPoint":"processPdfUpload","updateTime":"2026-04-28T06:10:16.196Z","versionId":"6","labels":{"deployment-tool":"cli-firebase","firebase-functions-hash":"a6912de7cbc94483287b7377966c93ae154f2ca3"},"sourceUploadUrl":"https://storage.googleapis.com/uploads-574559382897.us-central1.cloudfunctions.appspot.com/f3abfe70-d1e1-4973-a29f-214003f51f28.zip?GoogleAccessId=service-861423624712@gcf-admin-robot.iam.gserviceaccount.com&Expires=1777834657&Signature=bZgZXj9NSIKYW3CZZ0OF2WO09oKwCWnYOuBZcCK2EUO1qe3dPs1F7%2BBqgogAUPHtLMPf%2FeYYif00q3Ld8J1TeFpmrkOFQS7PNejCD3BDnNcT%2BanI7787Ph1sFPb0nj31xSmzN7Rx4YHo8QQGPb2tX4aiwyYkZn39Rn%2Be3jZGz2OOu8ae7hfye8RyGaHBSWmDxGrDXAfu0%2FUYR22HgmsZdGRrDgxHQ79hpimYMcSiWPYMPixChGZe%2Br9%2BQ9cAqiydy725B4E93kwmDNG%2BXKWw4ytnaBYDraCsBqmX6sUez5WBhtVMKdtr2oVQdxKbi0LeVc5J44fyUCJ4mCvn%2FcIPnA%3D%3D","environmentVariables":{"GEMINI_API_KEY":"AIzaSyDvMDQKMoQ-fHGMaGKr2vztGKMECGaHIlw","FIREBASE_CONFIG":"{\"projectId\":\"academic-aide\",\"storageBucket\":\"academic-aide.firebasestorage.app\"}","GCLOUD_PROJECT":"academic-aide","EVENTARC_CLOUD_EVENT_SOURCE":"projects/academic-aide/locations/us-central1/functions/processPdfUpload"},"runtime":"nodejs20","buildId":"beffcdab-c571-437d-81e1-4784d7be7eaf","buildEnvironmentVariables":{"GOOGLE_NODE_RUN_SCRIPTS":""},"buildName":"projects/861423624712/locations/us-central1/builds/beffcdab-c571-437d-81e1-4784d7be7eaf","dockerRegistry":"ARTIFACT_REGISTRY","automaticUpdatePolicy":{},"buildServiceAccount":"projects/academic-aide/serviceAccounts/861423624712-compute@developer.gserviceaccount.com"},"versionId":"7","updateTime":"2026-05-03T18:27:38Z","buildId":"1b86fb21-dbd3-4edd-9665-37ad917a727c","buildName":"projects/861423624712/locations/us-central1/builds/1b86fb21-dbd3-4edd-9665-37ad917a727c"}}
[debug] [2026-05-03T18:27:46.733Z] [update-default-us-central1-processPdfUpload] Retrying task index 0
[debug] [2026-05-03T18:27:46.733Z] Checked if tokens are valid: true, expires at: 1777836370896
[debug] [2026-05-03T18:27:46.733Z] Checked if tokens are valid: true, expires at: 1777836370896
[debug] [2026-05-03T18:27:46.734Z] >>> [apiv2][query] GET https://cloudfunctions.googleapis.com/v1/operations/YWNhZGVtaWMtYWlkZS91cy1jZW50cmFsMS9wcm9jZXNzUGRmVXBsb2FkL204NEN0eHFraHRz [none]
[debug] [2026-05-03T18:27:46.985Z] <<< [apiv2][status] GET https://cloudfunctions.googleapis.com/v1/operations/YWNhZGVtaWMtYWlkZS91cy1jZW50cmFsMS9wcm9jZXNzUGRmVXBsb2FkL204NEN0eHFraHRz 200
[debug] [2026-05-03T18:27:46.985Z] <<< [apiv2][body] GET https://cloudfunctions.googleapis.com/v1/operations/YWNhZGVtaWMtYWlkZS91cy1jZW50cmFsMS9wcm9jZXNzUGRmVXBsb2FkL204NEN0eHFraHRz {"name":"operations/YWNhZGVtaWMtYWlkZS91cy1jZW50cmFsMS9wcm9jZXNzUGRmVXBsb2FkL204NEN0eHFraHRz","metadata":{"@type":"type.googleapis.com/google.cloud.functions.v1.OperationMetadataV1","target":"projects/academic-aide/locations/us-central1/functions/processPdfUpload","type":"UPDATE_FUNCTION","request":{"@type":"type.googleapis.com/google.cloud.functions.v1.CloudFunction","name":"projects/academic-aide/locations/us-central1/functions/processPdfUpload","eventTrigger":{"eventType":"google.storage.object.finalize","resource":"projects/_/buckets/academic-aide.firebasestorage.app","service":"storage.googleapis.com"},"status":"ACTIVE","entryPoint":"processPdfUpload","updateTime":"2026-04-28T06:10:16.196Z","versionId":"6","labels":{"deployment-tool":"cli-firebase","firebase-functions-hash":"a6912de7cbc94483287b7377966c93ae154f2ca3"},"sourceUploadUrl":"https://storage.googleapis.com/uploads-574559382897.us-central1.cloudfunctions.appspot.com/f3abfe70-d1e1-4973-a29f-214003f51f28.zip?GoogleAccessId=service-861423624712@gcf-admin-robot.iam.gserviceaccount.com&Expires=1777834657&Signature=bZgZXj9NSIKYW3CZZ0OF2WO09oKwCWnYOuBZcCK2EUO1qe3dPs1F7%2BBqgogAUPHtLMPf%2FeYYif00q3Ld8J1TeFpmrkOFQS7PNejCD3BDnNcT%2BanI7787Ph1sFPb0nj31xSmzN7Rx4YHo8QQGPb2tX4aiwyYkZn39Rn%2Be3jZGz2OOu8ae7hfye8RyGaHBSWmDxGrDXAfu0%2FUYR22HgmsZdGRrDgxHQ79hpimYMcSiWPYMPixChGZe%2Br9%2BQ9cAqiydy725B4E93kwmDNG%2BXKWw4ytnaBYDraCsBqmX6sUez5WBhtVMKdtr2oVQdxKbi0LeVc5J44fyUCJ4mCvn%2FcIPnA%3D%3D","environmentVariables":{"GEMINI_API_KEY":"AIzaSyDvMDQKMoQ-fHGMaGKr2vztGKMECGaHIlw","FIREBASE_CONFIG":"{\"projectId\":\"academic-aide\",\"storageBucket\":\"academic-aide.firebasestorage.app\"}","GCLOUD_PROJECT":"academic-aide","EVENTARC_CLOUD_EVENT_SOURCE":"projects/academic-aide/locations/us-central1/functions/processPdfUpload"},"runtime":"nodejs20","buildId":"beffcdab-c571-437d-81e1-4784d7be7eaf","buildEnvironmentVariables":{"GOOGLE_NODE_RUN_SCRIPTS":""},"buildName":"projects/861423624712/locations/us-central1/builds/beffcdab-c571-437d-81e1-4784d7be7eaf","dockerRegistry":"ARTIFACT_REGISTRY","automaticUpdatePolicy":{},"buildServiceAccount":"projects/academic-aide/serviceAccounts/861423624712-compute@developer.gserviceaccount.com"},"versionId":"7","updateTime":"2026-05-03T18:27:38Z","buildId":"1b86fb21-dbd3-4edd-9665-37ad917a727c","buildName":"projects/861423624712/locations/us-central1/builds/1b86fb21-dbd3-4edd-9665-37ad917a727c"}}
[debug] [2026-05-03T18:27:54.998Z] [update-default-us-central1-processPdfUpload] Retrying task index 0
[debug] [2026-05-03T18:27:54.999Z] Checked if tokens are valid: true, expires at: 1777836370896
[debug] [2026-05-03T18:27:54.999Z] Checked if tokens are valid: true, expires at: 1777836370896
[debug] [2026-05-03T18:27:54.999Z] >>> [apiv2][query] GET https://cloudfunctions.googleapis.com/v1/operations/YWNhZGVtaWMtYWlkZS91cy1jZW50cmFsMS9wcm9jZXNzUGRmVXBsb2FkL204NEN0eHFraHRz [none]
[debug] [2026-05-03T18:27:55.241Z] <<< [apiv2][status] GET https://cloudfunctions.googleapis.com/v1/operations/YWNhZGVtaWMtYWlkZS91cy1jZW50cmFsMS9wcm9jZXNzUGRmVXBsb2FkL204NEN0eHFraHRz 200
[debug] [2026-05-03T18:27:55.241Z] <<< [apiv2][body] GET https://cloudfunctions.googleapis.com/v1/operations/YWNhZGVtaWMtYWlkZS91cy1jZW50cmFsMS9wcm9jZXNzUGRmVXBsb2FkL204NEN0eHFraHRz {"name":"operations/YWNhZGVtaWMtYWlkZS91cy1jZW50cmFsMS9wcm9jZXNzUGRmVXBsb2FkL204NEN0eHFraHRz","metadata":{"@type":"type.googleapis.com/google.cloud.functions.v1.OperationMetadataV1","target":"projects/academic-aide/locations/us-central1/functions/processPdfUpload","type":"UPDATE_FUNCTION","request":{"@type":"type.googleapis.com/google.cloud.functions.v1.CloudFunction","name":"projects/academic-aide/locations/us-central1/functions/processPdfUpload","eventTrigger":{"eventType":"google.storage.object.finalize","resource":"projects/_/buckets/academic-aide.firebasestorage.app","service":"storage.googleapis.com"},"status":"ACTIVE","entryPoint":"processPdfUpload","updateTime":"2026-04-28T06:10:16.196Z","versionId":"6","labels":{"deployment-tool":"cli-firebase","firebase-functions-hash":"a6912de7cbc94483287b7377966c93ae154f2ca3"},"sourceUploadUrl":"https://storage.googleapis.com/uploads-574559382897.us-central1.cloudfunctions.appspot.com/f3abfe70-d1e1-4973-a29f-214003f51f28.zip?GoogleAccessId=service-861423624712@gcf-admin-robot.iam.gserviceaccount.com&Expires=1777834657&Signature=bZgZXj9NSIKYW3CZZ0OF2WO09oKwCWnYOuBZcCK2EUO1qe3dPs1F7%2BBqgogAUPHtLMPf%2FeYYif00q3Ld8J1TeFpmrkOFQS7PNejCD3BDnNcT%2BanI7787Ph1sFPb0nj31xSmzN7Rx4YHo8QQGPb2tX4aiwyYkZn39Rn%2Be3jZGz2OOu8ae7hfye8RyGaHBSWmDxGrDXAfu0%2FUYR22HgmsZdGRrDgxHQ79hpimYMcSiWPYMPixChGZe%2Br9%2BQ9cAqiydy725B4E93kwmDNG%2BXKWw4ytnaBYDraCsBqmX6sUez5WBhtVMKdtr2oVQdxKbi0LeVc5J44fyUCJ4mCvn%2FcIPnA%3D%3D","environmentVariables":{"GEMINI_API_KEY":"AIzaSyDvMDQKMoQ-fHGMaGKr2vztGKMECGaHIlw","FIREBASE_CONFIG":"{\"projectId\":\"academic-aide\",\"storageBucket\":\"academic-aide.firebasestorage.app\"}","GCLOUD_PROJECT":"academic-aide","EVENTARC_CLOUD_EVENT_SOURCE":"projects/academic-aide/locations/us-central1/functions/processPdfUpload"},"runtime":"nodejs20","buildId":"beffcdab-c571-437d-81e1-4784d7be7eaf","buildEnvironmentVariables":{"GOOGLE_NODE_RUN_SCRIPTS":""},"buildName":"projects/861423624712/locations/us-central1/builds/beffcdab-c571-437d-81e1-4784d7be7eaf","dockerRegistry":"ARTIFACT_REGISTRY","automaticUpdatePolicy":{},"buildServiceAccount":"projects/academic-aide/serviceAccounts/861423624712-compute@developer.gserviceaccount.com"},"versionId":"7","updateTime":"2026-05-03T18:27:38Z","buildId":"1b86fb21-dbd3-4edd-9665-37ad917a727c","buildName":"projects/861423624712/locations/us-central1/builds/1b86fb21-dbd3-4edd-9665-37ad917a727c"}}
[debug] [2026-05-03T18:28:05.249Z] [update-default-us-central1-processPdfUpload] Retrying task index 0
[debug] [2026-05-03T18:28:05.250Z] Checked if tokens are valid: true, expires at: 1777836370896
[debug] [2026-05-03T18:28:05.250Z] Checked if tokens are valid: true, expires at: 1777836370896
[debug] [2026-05-03T18:28:05.250Z] >>> [apiv2][query] GET https://cloudfunctions.googleapis.com/v1/operations/YWNhZGVtaWMtYWlkZS91cy1jZW50cmFsMS9wcm9jZXNzUGRmVXBsb2FkL204NEN0eHFraHRz [none]
[debug] [2026-05-03T18:28:05.414Z] <<< [apiv2][status] GET https://cloudfunctions.googleapis.com/v1/operations/YWNhZGVtaWMtYWlkZS91cy1jZW50cmFsMS9wcm9jZXNzUGRmVXBsb2FkL204NEN0eHFraHRz 200
[debug] [2026-05-03T18:28:05.414Z] <<< [apiv2][body] GET https://cloudfunctions.googleapis.com/v1/operations/YWNhZGVtaWMtYWlkZS91cy1jZW50cmFsMS9wcm9jZXNzUGRmVXBsb2FkL204NEN0eHFraHRz {"name":"operations/YWNhZGVtaWMtYWlkZS91cy1jZW50cmFsMS9wcm9jZXNzUGRmVXBsb2FkL204NEN0eHFraHRz","metadata":{"@type":"type.googleapis.com/google.cloud.functions.v1.OperationMetadataV1","target":"projects/academic-aide/locations/us-central1/functions/processPdfUpload","type":"UPDATE_FUNCTION","request":{"@type":"type.googleapis.com/google.cloud.functions.v1.CloudFunction","name":"projects/academic-aide/locations/us-central1/functions/processPdfUpload","eventTrigger":{"eventType":"google.storage.object.finalize","resource":"projects/_/buckets/academic-aide.firebasestorage.app","service":"storage.googleapis.com"},"status":"ACTIVE","entryPoint":"processPdfUpload","updateTime":"2026-04-28T06:10:16.196Z","versionId":"6","labels":{"deployment-tool":"cli-firebase","firebase-functions-hash":"a6912de7cbc94483287b7377966c93ae154f2ca3"},"sourceUploadUrl":"https://storage.googleapis.com/uploads-574559382897.us-central1.cloudfunctions.appspot.com/f3abfe70-d1e1-4973-a29f-214003f51f28.zip?GoogleAccessId=service-861423624712@gcf-admin-robot.iam.gserviceaccount.com&Expires=1777834657&Signature=bZgZXj9NSIKYW3CZZ0OF2WO09oKwCWnYOuBZcCK2EUO1qe3dPs1F7%2BBqgogAUPHtLMPf%2FeYYif00q3Ld8J1TeFpmrkOFQS7PNejCD3BDnNcT%2BanI7787Ph1sFPb0nj31xSmzN7Rx4YHo8QQGPb2tX4aiwyYkZn39Rn%2Be3jZGz2OOu8ae7hfye8RyGaHBSWmDxGrDXAfu0%2FUYR22HgmsZdGRrDgxHQ79hpimYMcSiWPYMPixChGZe%2Br9%2BQ9cAqiydy725B4E93kwmDNG%2BXKWw4ytnaBYDraCsBqmX6sUez5WBhtVMKdtr2oVQdxKbi0LeVc5J44fyUCJ4mCvn%2FcIPnA%3D%3D","environmentVariables":{"GEMINI_API_KEY":"AIzaSyDvMDQKMoQ-fHGMaGKr2vztGKMECGaHIlw","FIREBASE_CONFIG":"{\"projectId\":\"academic-aide\",\"storageBucket\":\"academic-aide.firebasestorage.app\"}","GCLOUD_PROJECT":"academic-aide","EVENTARC_CLOUD_EVENT_SOURCE":"projects/academic-aide/locations/us-central1/functions/processPdfUpload"},"runtime":"nodejs20","buildId":"beffcdab-c571-437d-81e1-4784d7be7eaf","buildEnvironmentVariables":{"GOOGLE_NODE_RUN_SCRIPTS":""},"buildName":"projects/861423624712/locations/us-central1/builds/beffcdab-c571-437d-81e1-4784d7be7eaf","dockerRegistry":"ARTIFACT_REGISTRY","automaticUpdatePolicy":{},"buildServiceAccount":"projects/academic-aide/serviceAccounts/861423624712-compute@developer.gserviceaccount.com"},"versionId":"7","updateTime":"2026-05-03T18:27:38Z","buildId":"1b86fb21-dbd3-4edd-9665-37ad917a727c","buildName":"projects/861423624712/locations/us-central1/builds/1b86fb21-dbd3-4edd-9665-37ad917a727c"}}
[debug] [2026-05-03T18:28:15.422Z] [update-default-us-central1-processPdfUpload] Retrying task index 0
[debug] [2026-05-03T18:28:15.423Z] Checked if tokens are valid: true, expires at: 1777836370896
[debug] [2026-05-03T18:28:15.423Z] Checked if tokens are valid: true, expires at: 1777836370896
[debug] [2026-05-03T18:28:15.423Z] >>> [apiv2][query] GET https://cloudfunctions.googleapis.com/v1/operations/YWNhZGVtaWMtYWlkZS91cy1jZW50cmFsMS9wcm9jZXNzUGRmVXBsb2FkL204NEN0eHFraHRz [none]
[debug] [2026-05-03T18:28:15.654Z] <<< [apiv2][status] GET https://cloudfunctions.googleapis.com/v1/operations/YWNhZGVtaWMtYWlkZS91cy1jZW50cmFsMS9wcm9jZXNzUGRmVXBsb2FkL204NEN0eHFraHRz 200
[debug] [2026-05-03T18:28:15.654Z] <<< [apiv2][body] GET https://cloudfunctions.googleapis.com/v1/operations/YWNhZGVtaWMtYWlkZS91cy1jZW50cmFsMS9wcm9jZXNzUGRmVXBsb2FkL204NEN0eHFraHRz {"name":"operations/YWNhZGVtaWMtYWlkZS91cy1jZW50cmFsMS9wcm9jZXNzUGRmVXBsb2FkL204NEN0eHFraHRz","metadata":{"@type":"type.googleapis.com/google.cloud.functions.v1.OperationMetadataV1","target":"projects/academic-aide/locations/us-central1/functions/processPdfUpload","type":"UPDATE_FUNCTION","request":{"@type":"type.googleapis.com/google.cloud.functions.v1.CloudFunction","name":"projects/academic-aide/locations/us-central1/functions/processPdfUpload","eventTrigger":{"eventType":"google.storage.object.finalize","resource":"projects/_/buckets/academic-aide.firebasestorage.app","service":"storage.googleapis.com"},"status":"ACTIVE","entryPoint":"processPdfUpload","updateTime":"2026-04-28T06:10:16.196Z","versionId":"6","labels":{"deployment-tool":"cli-firebase","firebase-functions-hash":"a6912de7cbc94483287b7377966c93ae154f2ca3"},"sourceUploadUrl":"https://storage.googleapis.com/uploads-574559382897.us-central1.cloudfunctions.appspot.com/f3abfe70-d1e1-4973-a29f-214003f51f28.zip?GoogleAccessId=service-861423624712@gcf-admin-robot.iam.gserviceaccount.com&Expires=1777834657&Signature=bZgZXj9NSIKYW3CZZ0OF2WO09oKwCWnYOuBZcCK2EUO1qe3dPs1F7%2BBqgogAUPHtLMPf%2FeYYif00q3Ld8J1TeFpmrkOFQS7PNejCD3BDnNcT%2BanI7787Ph1sFPb0nj31xSmzN7Rx4YHo8QQGPb2tX4aiwyYkZn39Rn%2Be3jZGz2OOu8ae7hfye8RyGaHBSWmDxGrDXAfu0%2FUYR22HgmsZdGRrDgxHQ79hpimYMcSiWPYMPixChGZe%2Br9%2BQ9cAqiydy725B4E93kwmDNG%2BXKWw4ytnaBYDraCsBqmX6sUez5WBhtVMKdtr2oVQdxKbi0LeVc5J44fyUCJ4mCvn%2FcIPnA%3D%3D","environmentVariables":{"GEMINI_API_KEY":"AIzaSyDvMDQKMoQ-fHGMaGKr2vztGKMECGaHIlw","FIREBASE_CONFIG":"{\"projectId\":\"academic-aide\",\"storageBucket\":\"academic-aide.firebasestorage.app\"}","GCLOUD_PROJECT":"academic-aide","EVENTARC_CLOUD_EVENT_SOURCE":"projects/academic-aide/locations/us-central1/functions/processPdfUpload"},"runtime":"nodejs20","buildId":"beffcdab-c571-437d-81e1-4784d7be7eaf","buildEnvironmentVariables":{"GOOGLE_NODE_RUN_SCRIPTS":""},"buildName":"projects/861423624712/locations/us-central1/builds/beffcdab-c571-437d-81e1-4784d7be7eaf","dockerRegistry":"ARTIFACT_REGISTRY","automaticUpdatePolicy":{},"buildServiceAccount":"projects/academic-aide/serviceAccounts/861423624712-compute@developer.gserviceaccount.com"},"versionId":"7","updateTime":"2026-05-03T18:27:38Z","buildId":"1b86fb21-dbd3-4edd-9665-37ad917a727c","buildName":"projects/861423624712/locations/us-central1/builds/1b86fb21-dbd3-4edd-9665-37ad917a727c"}}
